2025-12-04 18:52:12,694 - INFO - 
============================================================
2025-12-04 18:52:12,694 - INFO - PAGAL WORLD SCRAPER - TEST MODE
2025-12-04 18:52:12,694 - INFO - ============================================================
2025-12-04 18:52:12,694 - INFO - 
============================================================
2025-12-04 18:52:12,694 - INFO - Testing HINDI language page
2025-12-04 18:52:12,707 - INFO - ============================================================
2025-12-04 18:52:12,707 - INFO - Fetching: https://pagalworldmusic.com/language/hindi
2025-12-04 18:52:13,359 - INFO - Status: 200
2025-12-04 18:52:13,370 - INFO - HTML saved to: hindi_page.html
2025-12-04 18:52:13,388 - INFO - 
--- Page Analysis ---
2025-12-04 18:52:13,390 - INFO - Main content found: False
2025-12-04 18:52:13,392 - INFO - Total links found: 50
2025-12-04 18:52:13,392 - INFO - Music-related links: 8
2025-12-04 18:52:13,392 - INFO - 
First 5 music links:
2025-12-04 18:52:13,392 - INFO -   - WhatsApp -> https://api.whatsapp.com/send?text=hindi+Language++Mp3+songs++Pagalworld+music+D
2025-12-04 18:52:13,392 - INFO -   - Telegram -> https://t.me/share/url?url=https%3A%2F%2Fpagalworldmusic.com%2Flanguage%2Fhindi&
2025-12-04 18:52:13,392 - INFO -   - Twitter -> https://twitter.com/intent/tweet?url=https%3A%2F%2Fpagalworldmusic.com%2Flanguag
2025-12-04 18:52:13,392 - INFO -   - DhurandharRebleTotal songs = 6 -> /album/ft4MGKjYem0_/dhurandhar
2025-12-04 18:52:13,392 - INFO -   - De De Pyaar De 2 Deluxe AlbumYo Yo Honey SinghTotal songs =  -> /album/mT5P5rCNkj4_/de-de-pyaar-de-2-deluxe-album
2025-12-04 18:52:13,392 - INFO - 
--- CSS Classes Found ---
2025-12-04 18:52:13,392 - INFO - Unique CSS classes: container, headinfo, logo, menu, menu-search, modal, modal-content, one-line, share_title, small-text, track, track-box, track-info, track-title, tracks
2025-12-04 18:52:13,392 - INFO - 
Total scripts: 13
2025-12-04 18:52:13,392 - INFO - Script contains structured data: 
  const MEILI_URL = '/meilisearch';
  const SEARCH_KEY = 'gOfjbiRA3_yOG6OOgqhisV_J5M-eHWCKCrXBUWPLK...
2025-12-04 18:52:15,397 - INFO - 
============================================================
2025-12-04 18:52:15,397 - INFO - Testing MARATHI language page
2025-12-04 18:52:15,397 - INFO - ============================================================
2025-12-04 18:52:15,398 - INFO - Fetching: https://pagalworldmusic.com/language/marathi
2025-12-04 18:52:16,104 - INFO - Status: 200
2025-12-04 18:52:16,117 - INFO - HTML saved to: marathi_page.html
2025-12-04 18:52:16,139 - INFO - 
--- Page Analysis ---
2025-12-04 18:52:16,144 - INFO - Main content found: False
2025-12-04 18:52:16,144 - INFO - Total links found: 50
2025-12-04 18:52:16,144 - INFO - Music-related links: 4
2025-12-04 18:52:16,144 - INFO - 
First 5 music links:
2025-12-04 18:52:16,144 - INFO -   - WhatsApp -> https://api.whatsapp.com/send?text=marathi+Language++Mp3+songs++Pagalworld+music
2025-12-04 18:52:16,144 - INFO -   - Telegram -> https://t.me/share/url?url=https%3A%2F%2Fpagalworldmusic.com%2Flanguage%2Fmarath
2025-12-04 18:52:16,144 - INFO -   - Twitter -> https://twitter.com/intent/tweet?url=https%3A%2F%2Fpagalworldmusic.com%2Flanguag
2025-12-04 18:52:16,144 - INFO -   - AntarrashtriyaShreyasTotal songs = 3 -> /album/6NIBsw1QQdU_/antarrashtriya
2025-12-04 18:52:16,144 - INFO - 
--- CSS Classes Found ---
2025-12-04 18:52:16,144 - INFO - Unique CSS classes: container, headinfo, logo, menu, menu-search, modal, modal-content, one-line, share_title, small-text, track, track-box, track-info, track-title, tracks
2025-12-04 18:52:16,144 - INFO - 
Total scripts: 13
2025-12-04 18:52:16,147 - INFO - Script contains structured data: 
  const MEILI_URL = '/meilisearch';
  const SEARCH_KEY = 'gOfjbiRA3_yOG6OOgqhisV_J5M-eHWCKCrXBUWPLK...
2025-12-04 18:52:18,161 - INFO - 
============================================================
2025-12-04 18:52:18,161 - INFO - TEST COMPLETE
2025-12-04 18:52:18,161 - INFO - Check the generated HTML files to understand page structure
2025-12-04 18:52:18,161 - INFO - ============================================================
