2025-12-04 18:51:13,712 - INFO - 
============================================================
2025-12-04 18:51:13,712 - INFO - PAGAL WORLD LANGUAGE-BASED SCRAPER
2025-12-04 18:51:13,712 - INFO - ============================================================

2025-12-04 18:51:13,712 - INFO - Starting scrape for 6 languages

2025-12-04 18:51:13,712 - INFO - 
============================================================
2025-12-04 18:51:13,712 - INFO - STARTING SCRAPE FOR: Hindi (hindi)
2025-12-04 18:51:13,712 - INFO - ============================================================
2025-12-04 18:51:13,712 - INFO - Fetching language page: hindi
2025-12-04 18:51:13,724 - DEBUG - Starting new HTTPS connection (1): pagalworldmusic.com:443
2025-12-04 18:51:14,335 - DEBUG - https://pagalworldmusic.com:443 "GET /language/hindi HTTP/1.1" 200 None
2025-12-04 18:51:15,373 - INFO - Parsing albums for language: Hindi
2025-12-04 18:51:15,396 - DEBUG - Found 0 potential album containers
2025-12-04 18:51:15,396 - DEBUG - Trying alternative selectors, found 0 items
2025-12-04 18:51:15,398 - INFO - Parsing songs for language: Hindi
2025-12-04 18:51:15,422 - DEBUG - Found 0 potential song containers
2025-12-04 18:51:15,424 - DEBUG - Trying table rows, found 0 items
2025-12-04 18:51:17,433 - INFO - 
============================================================
2025-12-04 18:51:17,434 - INFO - STARTING SCRAPE FOR: Marathi (marathi)
2025-12-04 18:51:17,434 - INFO - ============================================================
2025-12-04 18:51:17,434 - INFO - Fetching language page: marathi
2025-12-04 18:52:46,239 - INFO - 
======================================================================
2025-12-04 18:52:46,241 - INFO - PAGAL WORLD LANGUAGE-BASED SCRAPER
2025-12-04 18:52:46,241 - INFO - ======================================================================

2025-12-04 18:52:46,242 - INFO - Starting scrape for 8 languages

2025-12-04 18:52:46,242 - INFO - 
======================================================================
2025-12-04 18:52:46,242 - INFO - SCRAPING: Hindi (hindi)
2025-12-04 18:52:46,242 - INFO - ======================================================================
2025-12-04 18:52:46,242 - INFO - URL: https://pagalworldmusic.com/language/hindi

2025-12-04 18:52:46,995 - INFO - Found 20 track containers

2025-12-04 18:52:46,995 - INFO - 
======================================================================
2025-12-04 18:52:46,996 - INFO - SUMMARY for Hindi
2025-12-04 18:52:46,996 - INFO -   Albums found: 0
2025-12-04 18:52:46,996 - INFO -   Songs found: 0
2025-12-04 18:52:46,996 - INFO - ======================================================================

2025-12-04 18:52:49,003 - INFO - 
======================================================================
2025-12-04 18:52:49,004 - INFO - SCRAPING: Marathi (marathi)
2025-12-04 18:52:49,004 - INFO - ======================================================================
2025-12-04 18:52:49,004 - INFO - URL: https://pagalworldmusic.com/language/marathi

2025-12-04 18:52:49,547 - INFO - Found 20 track containers

2025-12-04 18:52:49,547 - INFO - 
======================================================================
2025-12-04 18:52:49,549 - INFO - SUMMARY for Marathi
2025-12-04 18:52:49,549 - INFO -   Albums found: 0
2025-12-04 18:52:49,549 - INFO -   Songs found: 0
2025-12-04 18:52:49,549 - INFO - ======================================================================

2025-12-04 18:52:51,551 - INFO - 
======================================================================
2025-12-04 18:52:51,551 - INFO - SCRAPING: Tamil (tamil)
2025-12-04 18:52:51,552 - INFO - ======================================================================
2025-12-04 18:52:51,552 - INFO - URL: https://pagalworldmusic.com/language/tamil

2025-12-04 18:52:52,158 - INFO - Found 20 track containers

2025-12-04 18:52:52,158 - INFO - 
======================================================================
2025-12-04 18:52:52,158 - INFO - SUMMARY for Tamil
2025-12-04 18:52:52,158 - INFO -   Albums found: 0
2025-12-04 18:52:52,158 - INFO -   Songs found: 0
2025-12-04 18:52:52,158 - INFO - ======================================================================

2025-12-04 18:52:54,161 - INFO - 
======================================================================
2025-12-04 18:52:54,161 - INFO - SCRAPING: Telugu (telugu)
2025-12-04 18:52:54,161 - INFO - ======================================================================
2025-12-04 18:52:54,161 - INFO - URL: https://pagalworldmusic.com/language/telugu

2025-12-04 18:52:54,712 - INFO - Found 20 track containers

2025-12-04 18:52:54,712 - INFO - 
======================================================================
2025-12-04 18:52:54,712 - INFO - SUMMARY for Telugu
2025-12-04 18:52:54,712 - INFO -   Albums found: 0
2025-12-04 18:52:54,712 - INFO -   Songs found: 0
2025-12-04 18:52:54,712 - INFO - ======================================================================

2025-12-04 18:52:56,718 - INFO - 
======================================================================
2025-12-04 18:52:56,718 - INFO - SCRAPING: Kannada (kannada)
2025-12-04 18:52:56,718 - INFO - ======================================================================
2025-12-04 18:52:56,718 - INFO - URL: https://pagalworldmusic.com/language/kannada

2025-12-04 18:52:57,276 - INFO - Found 20 track containers

2025-12-04 18:52:57,280 - INFO - 
======================================================================
2025-12-04 18:52:57,280 - INFO - SUMMARY for Kannada
2025-12-04 18:52:57,280 - INFO -   Albums found: 0
2025-12-04 18:52:57,280 - INFO -   Songs found: 0
2025-12-04 18:52:57,280 - INFO - ======================================================================

2025-12-04 18:52:59,283 - INFO - 
======================================================================
2025-12-04 18:52:59,283 - INFO - SCRAPING: Punjabi (punjabi)
2025-12-04 18:52:59,283 - INFO - ======================================================================
2025-12-04 18:52:59,283 - INFO - URL: https://pagalworldmusic.com/language/punjabi

2025-12-04 18:52:59,944 - INFO - Found 20 track containers

2025-12-04 18:52:59,944 - INFO - 
======================================================================
2025-12-04 18:52:59,944 - INFO - SUMMARY for Punjabi
2025-12-04 18:52:59,944 - INFO -   Albums found: 0
2025-12-04 18:52:59,944 - INFO -   Songs found: 0
2025-12-04 18:52:59,944 - INFO - ======================================================================

2025-12-04 18:53:01,960 - INFO - 
======================================================================
2025-12-04 18:53:01,960 - INFO - SCRAPING: Gujarati (gujarati)
2025-12-04 18:53:01,961 - INFO - ======================================================================
2025-12-04 18:53:01,961 - INFO - URL: https://pagalworldmusic.com/language/gujarati

2025-12-04 18:55:07,082 - INFO - 
======================================================================
2025-12-04 18:55:07,083 - INFO - PAGAL WORLD LANGUAGE-BASED SCRAPER
2025-12-04 18:55:07,083 - INFO - ======================================================================

2025-12-04 18:55:07,083 - INFO - Starting scrape for 8 languages

2025-12-04 18:55:07,083 - INFO - 
======================================================================
2025-12-04 18:55:07,083 - INFO - SCRAPING: Hindi (hindi)
2025-12-04 18:55:07,083 - INFO - ======================================================================
2025-12-04 18:55:07,083 - INFO - URL: https://pagalworldmusic.com/language/hindi

2025-12-04 18:55:08,026 - INFO - Found 20 track containers

2025-12-04 18:55:08,039 - INFO - 
======================================================================
2025-12-04 18:55:08,039 - INFO - SUMMARY for Hindi
2025-12-04 18:55:08,039 - INFO -   Albums found: 5
2025-12-04 18:55:08,039 - INFO -   Songs found: 15
2025-12-04 18:55:08,040 - INFO - ======================================================================

2025-12-04 18:55:10,055 - INFO - 
======================================================================
2025-12-04 18:55:10,056 - INFO - SCRAPING: Marathi (marathi)
2025-12-04 18:55:10,057 - INFO - ======================================================================
2025-12-04 18:55:10,057 - INFO - URL: https://pagalworldmusic.com/language/marathi

2025-12-04 18:55:10,774 - INFO - Found 20 track containers

2025-12-04 18:55:10,802 - INFO - 
======================================================================
2025-12-04 18:55:10,802 - INFO - SUMMARY for Marathi
2025-12-04 18:55:10,802 - INFO -   Albums found: 1
2025-12-04 18:55:10,802 - INFO -   Songs found: 19
2025-12-04 18:55:10,802 - INFO - ======================================================================

2025-12-04 18:55:12,805 - INFO - 
======================================================================
2025-12-04 18:55:12,806 - INFO - SCRAPING: Tamil (tamil)
2025-12-04 18:55:12,806 - INFO - ======================================================================
2025-12-04 18:55:12,806 - INFO - URL: https://pagalworldmusic.com/language/tamil

2025-12-04 18:55:13,352 - INFO - Found 20 track containers

2025-12-04 18:55:13,367 - INFO - 
======================================================================
2025-12-04 18:55:13,367 - INFO - SUMMARY for Tamil
2025-12-04 18:55:13,367 - INFO -   Albums found: 4
2025-12-04 18:55:13,367 - INFO -   Songs found: 16
2025-12-04 18:55:13,367 - INFO - ======================================================================

2025-12-04 18:55:15,381 - INFO - 
======================================================================
2025-12-04 18:55:15,381 - INFO - SCRAPING: Telugu (telugu)
2025-12-04 18:55:15,381 - INFO - ======================================================================
2025-12-04 18:55:15,381 - INFO - URL: https://pagalworldmusic.com/language/telugu

2025-12-04 18:55:16,107 - INFO - Found 20 track containers

2025-12-04 18:55:16,120 - INFO - 
======================================================================
2025-12-04 18:55:16,120 - INFO - SUMMARY for Telugu
2025-12-04 18:55:16,120 - INFO -   Albums found: 4
2025-12-04 18:55:16,121 - INFO -   Songs found: 16
2025-12-04 18:55:16,121 - INFO - ======================================================================

2025-12-04 18:55:18,126 - INFO - 
======================================================================
2025-12-04 18:55:18,126 - INFO - SCRAPING: Kannada (kannada)
2025-12-04 18:55:18,126 - INFO - ======================================================================
2025-12-04 18:55:18,126 - INFO - URL: https://pagalworldmusic.com/language/kannada

2025-12-04 18:55:18,623 - INFO - Found 20 track containers

2025-12-04 18:55:18,638 - INFO - 
======================================================================
2025-12-04 18:55:18,638 - INFO - SUMMARY for Kannada
2025-12-04 18:55:18,638 - INFO -   Albums found: 0
2025-12-04 18:55:18,638 - INFO -   Songs found: 20
2025-12-04 18:55:18,638 - INFO - ======================================================================

2025-12-04 18:55:20,641 - INFO - 
======================================================================
2025-12-04 18:55:20,641 - INFO - SCRAPING: Punjabi (punjabi)
2025-12-04 18:55:20,641 - INFO - ======================================================================
2025-12-04 18:55:20,642 - INFO - URL: https://pagalworldmusic.com/language/punjabi

2025-12-04 18:55:21,223 - INFO - Found 20 track containers

2025-12-04 18:55:21,253 - INFO - 
======================================================================
2025-12-04 18:55:21,253 - INFO - SUMMARY for Punjabi
2025-12-04 18:55:21,253 - INFO -   Albums found: 2
2025-12-04 18:55:21,253 - INFO -   Songs found: 18
2025-12-04 18:55:21,254 - INFO - ======================================================================

2025-12-04 18:55:23,269 - INFO - 
======================================================================
2025-12-04 18:55:23,270 - INFO - SCRAPING: Gujarati (gujarati)
2025-12-04 18:55:23,270 - INFO - ======================================================================
2025-12-04 18:55:23,270 - INFO - URL: https://pagalworldmusic.com/language/gujarati

2025-12-04 18:55:23,809 - INFO - Found 20 track containers

2025-12-04 18:55:23,831 - INFO - 
======================================================================
2025-12-04 18:55:23,831 - INFO - SUMMARY for Gujarati
2025-12-04 18:55:23,831 - INFO -   Albums found: 1
2025-12-04 18:55:23,831 - INFO -   Songs found: 19
2025-12-04 18:55:23,831 - INFO - ======================================================================

2025-12-04 18:55:25,847 - INFO - 
======================================================================
2025-12-04 18:55:25,847 - INFO - SCRAPING: Bengali (bengali)
2025-12-04 18:55:25,847 - INFO - ======================================================================
2025-12-04 18:55:25,847 - INFO - URL: https://pagalworldmusic.com/language/bengali

2025-12-04 18:55:26,465 - INFO - Found 20 track containers

2025-12-04 18:55:26,484 - INFO - 
======================================================================
2025-12-04 18:55:26,484 - INFO - SUMMARY for Bengali
2025-12-04 18:55:26,484 - INFO -   Albums found: 2
2025-12-04 18:55:26,484 - INFO -   Songs found: 18
2025-12-04 18:55:26,484 - INFO - ======================================================================

2025-12-04 18:55:28,490 - INFO - 
Saving results to pagalworld_language_results.json...
2025-12-04 18:55:28,502 - INFO - 
======================================================================
2025-12-04 18:55:28,502 - INFO - FINAL SUMMARY
2025-12-04 18:55:28,502 - INFO - ======================================================================
2025-12-04 18:55:28,502 - INFO - Total Albums Found: 19
2025-12-04 18:55:28,502 - INFO - Total Songs Found: 141
2025-12-04 18:55:28,503 - INFO - Total Errors: 0
2025-12-04 18:55:28,503 - INFO - 
Sample Albums (first 3):
2025-12-04 18:55:28,503 - INFO -   - Dhurandhar [Hindi]
2025-12-04 18:55:28,503 - INFO -   - De De Pyaar De 2 Deluxe Album [Hindi]
2025-12-04 18:55:28,503 - INFO -   - Ek Deewane Ki Deewaniyat [Hindi]
2025-12-04 18:55:28,504 - INFO - 
Sample Songs (first 3):
2025-12-04 18:55:28,504 - INFO -   - Tu Meri Main Tera Main Tera Tu Meri Title Track From Tu Meri Main Tera Main Tera Tu Meri by Unknown [Hindi]
2025-12-04 18:55:28,504 - INFO -   - Chal Musafir From Gustaakh Ishq by Unknown [Hindi]
2025-12-04 18:55:28,504 - INFO -   - Hey Penne by Unknown [Hindi]
2025-12-04 18:55:28,504 - INFO - ======================================================================

2025-12-04 18:55:28,504 - INFO - 
Log file: pagalworld_language_scraper.log
2025-12-04 18:55:28,505 - INFO - Results file: pagalworld_language_results.json
2025-12-04 19:00:26,938 - INFO - 
======================================================================
2025-12-04 19:00:26,938 - INFO - PAGAL WORLD LANGUAGE-BASED SCRAPER
2025-12-04 19:00:26,938 - INFO - ======================================================================

2025-12-04 19:00:26,939 - INFO - Starting scrape for 8 languages

2025-12-04 19:00:26,939 - INFO - 
======================================================================
2025-12-04 19:00:26,939 - INFO - SCRAPING: Hindi (hindi)
2025-12-04 19:00:26,939 - INFO - ======================================================================
2025-12-04 19:00:26,939 - INFO - URL: https://pagalworldmusic.com/language/hindi

2025-12-04 19:00:27,895 - INFO - Found 20 track containers

2025-12-04 19:00:27,989 - INFO - 
======================================================================
2025-12-04 19:00:27,991 - INFO - SUMMARY for Hindi
2025-12-04 19:00:27,992 - INFO -   Albums found: 5
2025-12-04 19:00:27,993 - INFO -   Songs found: 15
2025-12-04 19:00:27,993 - INFO - ======================================================================

2025-12-04 19:00:30,004 - INFO - 
======================================================================
2025-12-04 19:00:30,007 - INFO - SCRAPING: Marathi (marathi)
2025-12-04 19:00:30,010 - INFO - ======================================================================
2025-12-04 19:00:30,010 - INFO - URL: https://pagalworldmusic.com/language/marathi

2025-12-04 19:00:30,627 - INFO - Found 20 track containers

2025-12-04 19:00:30,711 - INFO - 
======================================================================
2025-12-04 19:00:30,712 - INFO - SUMMARY for Marathi
2025-12-04 19:00:30,712 - INFO -   Albums found: 1
2025-12-04 19:00:30,713 - INFO -   Songs found: 19
2025-12-04 19:00:30,713 - INFO - ======================================================================

2025-12-04 19:00:32,717 - INFO - 
======================================================================
2025-12-04 19:00:32,718 - INFO - SCRAPING: Tamil (tamil)
2025-12-04 19:00:32,718 - INFO - ======================================================================
2025-12-04 19:00:32,719 - INFO - URL: https://pagalworldmusic.com/language/tamil

2025-12-04 19:00:33,953 - INFO - Found 20 track containers

2025-12-04 19:00:34,200 - INFO - 
======================================================================
2025-12-04 19:00:34,201 - INFO - SUMMARY for Tamil
2025-12-04 19:00:34,202 - INFO -   Albums found: 4
2025-12-04 19:00:34,202 - INFO -   Songs found: 16
2025-12-04 19:00:34,204 - INFO - ======================================================================

2025-12-04 19:00:36,208 - INFO - 
======================================================================
2025-12-04 19:00:36,208 - INFO - SCRAPING: Telugu (telugu)
2025-12-04 19:00:36,209 - INFO - ======================================================================
2025-12-04 19:00:36,209 - INFO - URL: https://pagalworldmusic.com/language/telugu

2025-12-04 19:00:37,329 - INFO - Found 20 track containers

2025-12-04 19:00:37,418 - INFO - 
======================================================================
2025-12-04 19:00:37,418 - INFO - SUMMARY for Telugu
2025-12-04 19:00:37,418 - INFO -   Albums found: 4
2025-12-04 19:00:37,420 - INFO -   Songs found: 16
2025-12-04 19:00:37,420 - INFO - ======================================================================

2025-12-04 19:00:39,435 - INFO - 
======================================================================
2025-12-04 19:00:39,435 - INFO - SCRAPING: Kannada (kannada)
2025-12-04 19:00:39,436 - INFO - ======================================================================
2025-12-04 19:00:39,436 - INFO - URL: https://pagalworldmusic.com/language/kannada

2025-12-04 19:00:40,108 - INFO - Found 20 track containers

2025-12-04 19:00:40,209 - INFO - 
======================================================================
2025-12-04 19:00:40,210 - INFO - SUMMARY for Kannada
2025-12-04 19:00:40,212 - INFO -   Albums found: 0
2025-12-04 19:00:40,214 - INFO -   Songs found: 20
2025-12-04 19:00:40,215 - INFO - ======================================================================

2025-12-04 19:00:42,229 - INFO - 
======================================================================
2025-12-04 19:00:42,229 - INFO - SCRAPING: Punjabi (punjabi)
2025-12-04 19:00:42,230 - INFO - ======================================================================
2025-12-04 19:00:42,231 - INFO - URL: https://pagalworldmusic.com/language/punjabi

2025-12-04 19:00:42,894 - INFO - Found 20 track containers

2025-12-04 19:00:43,003 - INFO - 
======================================================================
2025-12-04 19:00:43,005 - INFO - SUMMARY for Punjabi
2025-12-04 19:00:43,005 - INFO -   Albums found: 2
2025-12-04 19:00:43,006 - INFO -   Songs found: 18
2025-12-04 19:00:43,006 - INFO - ======================================================================

2025-12-04 19:00:45,009 - INFO - 
======================================================================
2025-12-04 19:00:45,010 - INFO - SCRAPING: Gujarati (gujarati)
2025-12-04 19:00:45,010 - INFO - ======================================================================
2025-12-04 19:00:45,012 - INFO - URL: https://pagalworldmusic.com/language/gujarati

2025-12-04 19:00:45,686 - INFO - Found 20 track containers

2025-12-04 19:00:46,020 - INFO - 
======================================================================
2025-12-04 19:00:46,020 - INFO - SUMMARY for Gujarati
2025-12-04 19:00:46,020 - INFO -   Albums found: 1
2025-12-04 19:00:46,021 - INFO -   Songs found: 19
2025-12-04 19:00:46,021 - INFO - ======================================================================

2025-12-04 19:00:48,030 - INFO - 
======================================================================
2025-12-04 19:00:48,030 - INFO - SCRAPING: Bengali (bengali)
2025-12-04 19:00:48,031 - INFO - ======================================================================
2025-12-04 19:00:48,032 - INFO - URL: https://pagalworldmusic.com/language/bengali

2025-12-04 19:00:48,959 - INFO - Found 20 track containers

2025-12-04 19:00:49,082 - INFO - 
======================================================================
2025-12-04 19:00:49,084 - INFO - SUMMARY for Bengali
2025-12-04 19:00:49,084 - INFO -   Albums found: 2
2025-12-04 19:00:49,085 - INFO -   Songs found: 18
2025-12-04 19:00:49,086 - INFO - ======================================================================

2025-12-04 19:00:51,099 - INFO - 
Saving results to pagalworld_language_results.json...
2025-12-04 19:00:51,121 - INFO - 
======================================================================
2025-12-04 19:00:51,121 - INFO - FINAL SUMMARY
2025-12-04 19:00:51,122 - INFO - ======================================================================
2025-12-04 19:00:51,122 - INFO - Total Albums Found: 19
2025-12-04 19:00:51,122 - INFO - Total Songs Found: 141
2025-12-04 19:00:51,126 - INFO - Total Errors: 0
2025-12-04 19:00:51,126 - INFO - 
Sample Albums (first 3):
2025-12-04 19:00:51,127 - INFO -   - Dhurandhar [Hindi]
2025-12-04 19:00:51,127 - INFO -   - De De Pyaar De 2 Deluxe Album [Hindi]
2025-12-04 19:00:51,130 - INFO -   - Ek Deewane Ki Deewaniyat [Hindi]
2025-12-04 19:00:51,133 - INFO - 
Sample Songs (first 3):
2025-12-04 19:00:51,133 - INFO -   - Tu Meri Main Tera Main Tera Tu Meri Title Track From Tu Meri Main Tera Main Tera Tu Meri by Unknown [Hindi]
2025-12-04 19:00:51,133 - INFO -   - Chal Musafir From Gustaakh Ishq by Unknown [Hindi]
2025-12-04 19:00:51,133 - INFO -   - Hey Penne by Unknown [Hindi]
2025-12-04 19:00:51,135 - INFO - ======================================================================

2025-12-04 19:00:51,135 - INFO - 
Log file: pagalworld_language_scraper.log
2025-12-04 19:00:51,136 - INFO - Results file: pagalworld_language_results.json
