2025-12-07 10:51:14,776 - INFO - Database connection established
2025-12-07 10:51:16,592 - INFO - Found 8372 album thumbnails to migrate.
2025-12-07 10:51:17,208 - INFO - Uploading albums/1_1_Nenokkadine_Mp3_Songs.jpg to bastimusic-oracle-ramireddy-2...
2025-12-07 10:51:19,196 - INFO - Updated album 1
2025-12-07 10:51:20,025 - INFO - Uploading albums/2_100_Days_Of_Love.jpg to bastimusic-oracle-ramireddy-2...
2025-12-07 10:51:21,480 - INFO - Updated album 2
2025-12-07 10:51:22,454 - INFO - Uploading albums/3_100_Love.jpg to bastimusic-oracle-ramireddy-2...
2025-12-07 10:51:23,488 - INFO - Updated album 3
2025-12-07 10:51:24,412 - INFO - Uploading albums/4_1000_Abaddalu.jpg to bastimusic-oracle-ramireddy-2...
2025-12-07 10:51:25,776 - INFO - Updated album 4
2025-12-07 10:51:26,651 - INFO - Uploading albums/5_118.jpg to bastimusic-oracle-ramireddy-2...
2025-12-07 10:51:27,899 - INFO - Updated album 5
2025-12-07 10:51:28,810 - INFO - Uploading albums/6_12A_Railway_Colony.jpg to bastimusic-oracle-ramireddy-2...
2025-12-07 10:51:29,744 - INFO - Updated album 6
2025-12-07 10:51:30,076 - INFO - Uploading albums/7_143.jpg to bastimusic-oracle-ramireddy-2...
2025-12-07 10:51:31,086 - INFO - Updated album 7
2025-12-07 10:51:32,027 - INFO - Uploading albums/8_16_Days.jpeg to bastimusic-oracle-ramireddy-2...
2025-12-07 10:51:32,933 - INFO - Updated album 8
2025-12-07 10:51:33,243 - INFO - Uploading albums/9_18_Pages.jpg to bastimusic-oracle-ramireddy-2...
2025-12-07 10:51:34,151 - INFO - Updated album 9
2025-12-07 10:51:35,170 - INFO - Uploading albums/10_1820_Love_Story.jpeg to bastimusic-oracle-ramireddy-2...
2025-12-07 10:51:36,044 - INFO - Updated album 10
2025-12-07 10:51:36,940 - INFO - Uploading albums/11_180.jpg to bastimusic-oracle-ramireddy-2...
2025-12-07 10:51:37,821 - INFO - Updated album 11
2025-12-07 10:51:38,863 - INFO - Uploading albums/12_1940_Lo_Oka_Gramam.jpg to bastimusic-oracle-ramireddy-2...
2025-12-07 10:51:39,766 - INFO - Updated album 12
2025-12-07 10:51:40,100 - INFO - Uploading albums/13_1947_A_Love_Story.jpg to bastimusic-oracle-ramireddy-2...
2025-12-07 10:51:41,017 - INFO - Updated album 13
2025-12-07 10:51:41,926 - INFO - Uploading albums/14_2_Countries.jpg to bastimusic-oracle-ramireddy-2...
2025-12-07 10:51:42,781 - INFO - Updated album 14
2025-12-07 10:51:43,701 - INFO - Uploading albums/15_2_Friends.jpg to bastimusic-oracle-ramireddy-2...
2025-12-07 10:51:44,537 - INFO - Updated album 15
2025-12-07 10:51:44,871 - INFO - Uploading albums/16_24_2016_Telugu.jpg to bastimusic-oracle-ramireddy-2...
2025-12-07 10:51:45,985 - INFO - Updated album 16
2025-12-07 10:51:47,001 - INFO - Uploading albums/17_24_Kisses.jpg to bastimusic-oracle-ramireddy-2...
2025-12-07 10:51:47,886 - INFO - Updated album 17
2025-12-07 10:51:48,818 - INFO - Uploading albums/18_3.jpg to bastimusic-oracle-ramireddy-2...
2025-12-07 10:51:49,750 - INFO - Updated album 18
2025-12-07 10:51:50,080 - INFO - Uploading albums/19_30_Rojullo_Preminchadam_Ela.jpg to bastimusic-oracle-ramireddy-2...
2025-12-07 10:51:51,166 - INFO - Updated album 19
2025-12-07 10:51:52,079 - INFO - Uploading albums/20_33_Prema_Kathalu.jpg to bastimusic-oracle-ramireddy-2...
2025-12-07 10:51:52,940 - INFO - Updated album 20
2025-12-07 10:51:53,247 - INFO - Uploading albums/21_7G_Brundhavana_Colony.jpg to bastimusic-oracle-ramireddy-2...
2025-12-07 10:51:54,177 - INFO - Updated album 21
2025-12-07 10:51:54,479 - INFO - Uploading albums/22_7th_Sense.jpg to bastimusic-oracle-ramireddy-2...
2025-12-07 10:51:55,336 - INFO - Updated album 22
2025-12-07 10:51:56,253 - INFO - Uploading albums/23_90ML.jpg to bastimusic-oracle-ramireddy-2...
2025-12-07 10:51:57,387 - INFO - Updated album 23
2025-12-07 10:51:58,252 - INFO - Uploading albums/24_Nartanasala.jpg to bastimusic-oracle-ramireddy-2...
2025-12-07 10:51:59,081 - INFO - Updated album 24
2025-12-07 10:51:59,923 - INFO - Uploading albums/25_A.jpg to bastimusic-oracle-ramireddy-2...
2025-12-07 10:52:00,881 - INFO - Updated album 25
2025-12-07 10:52:01,753 - INFO - Uploading albums/26_A_AA.jpg to bastimusic-oracle-ramireddy-2...
2025-12-07 10:52:02,679 - INFO - Updated album 26
2025-12-07 10:52:03,526 - INFO - Uploading albums/27_A_Aa_E_Eee.jpeg to bastimusic-oracle-ramireddy-2...
2025-12-07 10:52:04,631 - INFO - Updated album 27
2025-12-07 10:52:04,938 - INFO - Uploading albums/28_AK_Rao_PK_Rao.jpg to bastimusic-oracle-ramireddy-2...
2025-12-07 10:52:05,834 - INFO - Updated album 28
2025-12-07 10:52:06,430 - INFO - Uploading albums/29_A1_Express.jpg to bastimusic-oracle-ramireddy-2...
2025-12-07 10:52:08,291 - INFO - Updated album 29
2025-12-07 10:52:09,146 - INFO - Uploading albums/30_ABCD.jpg to bastimusic-oracle-ramireddy-2...
2025-12-07 10:52:10,027 - INFO - Updated album 30
2025-12-07 10:52:10,195 - INFO - Database connection established
2025-12-07 10:52:10,340 - INFO - Uploading albums/31_ARM_2024__Telugu.jpg to bastimusic-oracle-ramireddy-2...
2025-12-07 10:52:11,269 - INFO - Updated album 31
2025-12-07 10:52:12,186 - INFO - Uploading albums/32_Aa_Ammayi_Gurinchi_Meeku_Cheppali.jpeg to bastimusic-oracle-ramireddy-2...
2025-12-07 10:52:13,169 - INFO - Found 286 songs to migrate.
2025-12-07 10:52:13,169 - INFO - Processing: They Call Him King Theme  Song  - Anirudh Ravichander
2025-12-07 10:52:13,795 - INFO - Updated album 32
2025-12-07 10:52:14,310 - INFO - Uploading albums/33_Aa_Intlo.jpg to bastimusic-oracle-ramireddy-2...
2025-12-07 10:52:15,363 - INFO - Uploading songs/84023_They_Call_Him_King_Theme__Song__-_Anirudh_Ravichander.mp3 to bastimusic-oracle-ramireddy-1...
2025-12-07 10:52:15,409 - INFO - Updated album 33
2025-12-07 10:52:16,292 - INFO - Uploading albums/34_Aa_Naluguru.jpeg to bastimusic-oracle-ramireddy-2...
2025-12-07 10:52:17,184 - INFO - Updated album 34
2025-12-07 10:52:18,038 - INFO - Uploading albums/35_Aa_Okkadu.jpg to bastimusic-oracle-ramireddy-2...
2025-12-07 10:52:19,126 - INFO - Updated album 35
2025-12-07 10:52:20,038 - INFO - Uploading albums/36_Aa_Okkati_Adakku.jpg to bastimusic-oracle-ramireddy-2...
2025-12-07 10:52:23,220 - INFO - Uploaded! Updating DB...
2025-12-07 10:52:23,757 - INFO - Updated album 36
2025-12-07 10:52:23,866 - INFO - Updated song 84023
2025-12-07 10:52:24,372 - INFO - Processing: Title Track  Song  - Dhurandhar
2025-12-07 10:52:24,723 - INFO - Uploading albums/39_Aadalla_Mazaaka.jpg to bastimusic-oracle-ramireddy-2...
2025-12-07 10:52:25,961 - INFO - Updated album 39
2025-12-07 10:52:26,061 - INFO - Uploading songs/84024_Title_Track__Song__-_Dhurandhar.mp3 to bastimusic-oracle-ramireddy-1...
2025-12-07 10:52:26,806 - INFO - Uploading albums/41_Aadante_Adotypu.jpeg to bastimusic-oracle-ramireddy-2...
2025-12-07 10:52:27,846 - INFO - Updated album 41
2025-12-07 10:52:28,740 - INFO - Uploading albums/44_Aadavaallaku_Maatrame.jpg to bastimusic-oracle-ramireddy-2...
2025-12-07 10:52:32,590 - INFO - Updated album 44
2025-12-07 10:52:39,228 - INFO - Uploading albums/45_Aadavallu_Meeku_Johaarlu.jpeg to bastimusic-oracle-ramireddy-2...
2025-12-07 10:52:39,237 - INFO - Uploaded! Updating DB...
2025-12-07 10:52:39,914 - INFO - Updated song 84024
2025-12-07 10:52:40,318 - INFO - Updated album 45
2025-12-07 10:52:40,420 - INFO - Processing: Ez Ez  Song  - Dhurandhar
2025-12-07 10:52:40,656 - INFO - Uploading albums/46_Aadavari_Matalaku_Ardhale_Verule.jpeg to bastimusic-oracle-ramireddy-2...
2025-12-07 10:52:41,679 - INFO - Updated album 46
2025-12-07 10:52:41,699 - INFO - Uploading songs/84025_Ez_Ez__Song__-_Dhurandhar.mp3 to bastimusic-oracle-ramireddy-1...
2025-12-07 10:52:42,679 - INFO - Uploading albums/48_Aadhi_Lakshmi.jpeg to bastimusic-oracle-ramireddy-2...
2025-12-07 10:52:43,572 - INFO - Updated album 48
2025-12-07 10:52:44,437 - INFO - Uploading albums/49_Aadi.jpg to bastimusic-oracle-ramireddy-2...
2025-12-07 10:52:45,466 - INFO - Updated album 49
2025-12-07 10:52:45,905 - INFO - Uploading albums/50_Aadikeshava.jpg to bastimusic-oracle-ramireddy-2...
2025-12-07 10:52:47,216 - INFO - Updated album 50
2025-12-07 10:52:48,576 - INFO - Uploading albums/51_Aadivishnu.jpeg to bastimusic-oracle-ramireddy-2...
2025-12-07 10:52:49,840 - INFO - Uploaded! Updating DB...
2025-12-07 10:52:50,370 - INFO - Updated album 51
2025-12-07 10:52:50,495 - INFO - Updated song 84025
2025-12-07 10:52:50,685 - INFO - Uploading albums/52_Aadu_Magaadra_Bujji.jpg to bastimusic-oracle-ramireddy-2...
2025-12-07 10:52:51,000 - INFO - Processing: Run Down The City Monica  Song  - Dhurandhar
2025-12-07 10:52:51,591 - INFO - Updated album 52
2025-12-07 10:52:51,902 - INFO - Uploading albums/53_Aagadu_Mp3_Songs.jpg to bastimusic-oracle-ramireddy-2...
2025-12-07 10:52:52,485 - INFO - Uploading songs/84026_Run_Down_The_City_Monica__Song__-_Dhurandhar.mp3 to bastimusic-oracle-ramireddy-1...
2025-12-07 10:52:52,857 - INFO - Updated album 53
2025-12-07 10:52:53,757 - INFO - Uploading albums/54_Aagraham.jpg to bastimusic-oracle-ramireddy-2...
2025-12-07 10:52:54,642 - INFO - Updated album 54
2025-12-07 10:52:55,510 - INFO - Uploading albums/55_Aaha.jpg to bastimusic-oracle-ramireddy-2...
2025-12-07 10:52:56,429 - INFO - Updated album 55
2025-12-07 10:52:57,308 - INFO - Uploading albums/56_Aaha_Entha_Andam.jpg to bastimusic-oracle-ramireddy-2...
2025-12-07 10:52:58,250 - INFO - Updated album 56
2025-12-07 10:52:59,117 - INFO - Database connection closed
2025-12-07 10:52:59,165 - INFO - Uploading albums/57_Aaha_Kalyanam.jpg to bastimusic-oracle-ramireddy-2...
2025-12-07 10:53:00,062 - INFO - Updated album 57
2025-12-07 10:53:01,056 - INFO - Uploading albums/59_Aahwanam.jpg to bastimusic-oracle-ramireddy-2...
2025-12-07 10:53:01,903 - INFO - Updated album 59
2025-12-07 10:53:02,338 - INFO - Database connection closed
2025-12-07 11:01:20,476 - INFO - Database connection established
2025-12-07 11:01:26,439 - INFO - Found 8372 album thumbnails to migrate.
2025-12-07 11:01:26,916 - ERROR - Failed to download https://objectstorage.ap-hyderabad-1.oraclecloud.com/n/axml4embcq8v/b/bastimusic-oracle-ramireddy-2/o/albums/1_1_Nenokkadine_Mp3_Songs.jpg: Status 404
2025-12-07 11:01:27,266 - ERROR - Failed to download https://objectstorage.ap-hyderabad-1.oraclecloud.com/n/axml4embcq8v/b/bastimusic-oracle-ramireddy-2/o/albums/2_100_Days_Of_Love.jpg: Status 404
2025-12-07 11:01:27,501 - ERROR - Failed to download https://objectstorage.ap-hyderabad-1.oraclecloud.com/n/axml4embcq8v/b/bastimusic-oracle-ramireddy-2/o/albums/3_100_Love.jpg: Status 404
2025-12-07 11:01:27,850 - ERROR - Failed to download https://objectstorage.ap-hyderabad-1.oraclecloud.com/n/axml4embcq8v/b/bastimusic-oracle-ramireddy-2/o/albums/4_1000_Abaddalu.jpg: Status 404
2025-12-07 11:01:28,127 - ERROR - Failed to download https://objectstorage.ap-hyderabad-1.oraclecloud.com/n/axml4embcq8v/b/bastimusic-oracle-ramireddy-2/o/albums/5_118.jpg: Status 404
2025-12-07 11:01:28,223 - INFO - Calculating size for bucket: bastimusic-oracle-ramireddy-1...
2025-12-07 11:01:28,429 - ERROR - Failed to download https://objectstorage.ap-hyderabad-1.oraclecloud.com/n/axml4embcq8v/b/bastimusic-oracle-ramireddy-2/o/albums/6_12A_Railway_Colony.jpg: Status 404
2025-12-07 11:01:28,550 - INFO - Bucket bastimusic-oracle-ramireddy-1 size: 15.92 MB
2025-12-07 11:01:28,550 - INFO - Calculating size for bucket: bastimusic-oracle-ramireddy-2...
2025-12-07 11:01:28,652 - INFO - Bucket bastimusic-oracle-ramireddy-2 size: 2.89 MB
2025-12-07 11:01:28,727 - ERROR - Failed to download https://objectstorage.ap-hyderabad-1.oraclecloud.com/n/axml4embcq8v/b/bastimusic-oracle-ramireddy-2/o/albums/7_143.jpg: Status 404
2025-12-07 11:01:29,021 - ERROR - Failed to download https://objectstorage.ap-hyderabad-1.oraclecloud.com/n/axml4embcq8v/b/bastimusic-oracle-ramireddy-2/o/albums/8_16_Days.jpeg: Status 404
2025-12-07 11:01:29,430 - ERROR - Failed to download https://objectstorage.ap-hyderabad-1.oraclecloud.com/n/axml4embcq8v/b/bastimusic-oracle-ramireddy-2/o/albums/9_18_Pages.jpg: Status 404
2025-12-07 11:01:29,700 - ERROR - Failed to download https://objectstorage.ap-hyderabad-1.oraclecloud.com/n/axml4embcq8v/b/bastimusic-oracle-ramireddy-2/o/albums/10_1820_Love_Story.jpeg: Status 404
2025-12-07 11:01:30,007 - ERROR - Failed to download https://objectstorage.ap-hyderabad-1.oraclecloud.com/n/axml4embcq8v/b/bastimusic-oracle-ramireddy-2/o/albums/11_180.jpg: Status 404
2025-12-07 11:01:30,266 - ERROR - Failed to download https://objectstorage.ap-hyderabad-1.oraclecloud.com/n/axml4embcq8v/b/bastimusic-oracle-ramireddy-2/o/albums/12_1940_Lo_Oka_Gramam.jpg: Status 404
2025-12-07 11:01:30,542 - ERROR - Failed to download https://objectstorage.ap-hyderabad-1.oraclecloud.com/n/axml4embcq8v/b/bastimusic-oracle-ramireddy-2/o/albums/13_1947_A_Love_Story.jpg: Status 404
2025-12-07 11:01:30,939 - ERROR - Failed to download https://objectstorage.ap-hyderabad-1.oraclecloud.com/n/axml4embcq8v/b/bastimusic-oracle-ramireddy-2/o/albums/14_2_Countries.jpg: Status 404
2025-12-07 11:01:30,985 - INFO - Database connection established
2025-12-07 11:01:31,152 - ERROR - Failed to download https://objectstorage.ap-hyderabad-1.oraclecloud.com/n/axml4embcq8v/b/bastimusic-oracle-ramireddy-2/o/albums/15_2_Friends.jpg: Status 404
2025-12-07 11:01:31,525 - ERROR - Failed to download https://objectstorage.ap-hyderabad-1.oraclecloud.com/n/axml4embcq8v/b/bastimusic-oracle-ramireddy-2/o/albums/16_24_2016_Telugu.jpg: Status 404
2025-12-07 11:01:31,796 - ERROR - Failed to download https://objectstorage.ap-hyderabad-1.oraclecloud.com/n/axml4embcq8v/b/bastimusic-oracle-ramireddy-2/o/albums/17_24_Kisses.jpg: Status 404
2025-12-07 11:01:31,888 - INFO - Found 286 songs to migrate.
2025-12-07 11:01:31,888 - INFO - Processing: They Call Him King Theme  Song  - Anirudh Ravichander
2025-12-07 11:01:32,104 - ERROR - Failed to download https://objectstorage.ap-hyderabad-1.oraclecloud.com/n/axml4embcq8v/b/bastimusic-oracle-ramireddy-2/o/albums/18_3.jpg: Status 404
2025-12-07 11:01:32,151 - ERROR - Failed to download https://objectstorage.ap-hyderabad-1.oraclecloud.com/n/axml4embcq8v/b/bastimusic-oracle-ramireddy-1/o/songs/84023_They_Call_Him_King_Theme__Song__-_Anirudh_Ravichander.mp3: Status 404
2025-12-07 11:01:32,152 - INFO - Processing: Title Track  Song  - Dhurandhar
2025-12-07 11:01:32,366 - ERROR - Failed to download https://objectstorage.ap-hyderabad-1.oraclecloud.com/n/axml4embcq8v/b/bastimusic-oracle-ramireddy-2/o/albums/19_30_Rojullo_Preminchadam_Ela.jpg: Status 404
2025-12-07 11:01:32,407 - ERROR - Failed to download https://objectstorage.ap-hyderabad-1.oraclecloud.com/n/axml4embcq8v/b/bastimusic-oracle-ramireddy-1/o/songs/84024_Title_Track__Song__-_Dhurandhar.mp3: Status 404
2025-12-07 11:01:32,409 - INFO - Processing: Ez Ez  Song  - Dhurandhar
2025-12-07 11:01:32,685 - ERROR - Failed to download https://objectstorage.ap-hyderabad-1.oraclecloud.com/n/axml4embcq8v/b/bastimusic-oracle-ramireddy-1/o/songs/84025_Ez_Ez__Song__-_Dhurandhar.mp3: Status 404
2025-12-07 11:01:32,685 - INFO - Processing: Run Down The City Monica  Song  - Dhurandhar
2025-12-07 11:01:32,692 - ERROR - Failed to download https://objectstorage.ap-hyderabad-1.oraclecloud.com/n/axml4embcq8v/b/bastimusic-oracle-ramireddy-2/o/albums/20_33_Prema_Kathalu.jpg: Status 404
2025-12-07 11:01:33,034 - ERROR - Failed to download https://objectstorage.ap-hyderabad-1.oraclecloud.com/n/axml4embcq8v/b/bastimusic-oracle-ramireddy-2/o/albums/21_7G_Brundhavana_Colony.jpg: Status 404
2025-12-07 11:01:33,254 - ERROR - Failed to download https://objectstorage.ap-hyderabad-1.oraclecloud.com/n/axml4embcq8v/b/bastimusic-oracle-ramireddy-2/o/albums/22_7th_Sense.jpg: Status 404
2025-12-07 11:01:33,563 - ERROR - Failed to download https://objectstorage.ap-hyderabad-1.oraclecloud.com/n/axml4embcq8v/b/bastimusic-oracle-ramireddy-2/o/albums/23_90ML.jpg: Status 404
2025-12-07 11:01:33,796 - ERROR - Failed to download https://objectstorage.ap-hyderabad-1.oraclecloud.com/n/axml4embcq8v/b/bastimusic-oracle-ramireddy-2/o/albums/24_Nartanasala.jpg: Status 404
2025-12-07 11:01:34,147 - ERROR - Failed to download https://objectstorage.ap-hyderabad-1.oraclecloud.com/n/axml4embcq8v/b/bastimusic-oracle-ramireddy-2/o/albums/25_A.jpg: Status 404
2025-12-07 11:01:34,465 - ERROR - Failed to download https://objectstorage.ap-hyderabad-1.oraclecloud.com/n/axml4embcq8v/b/bastimusic-oracle-ramireddy-2/o/albums/26_A_AA.jpg: Status 404
2025-12-07 11:01:34,640 - INFO - Uploading songs/84026_Run_Down_The_City_Monica__Song__-_Dhurandhar.mp3 to bastimusic-oracle-ramireddy-1...
2025-12-07 11:01:34,712 - ERROR - Failed to download https://objectstorage.ap-hyderabad-1.oraclecloud.com/n/axml4embcq8v/b/bastimusic-oracle-ramireddy-2/o/albums/27_A_Aa_E_Eee.jpeg: Status 404
2025-12-07 11:01:34,992 - ERROR - Failed to download https://objectstorage.ap-hyderabad-1.oraclecloud.com/n/axml4embcq8v/b/bastimusic-oracle-ramireddy-2/o/albums/28_AK_Rao_PK_Rao.jpg: Status 404
2025-12-07 11:01:35,231 - ERROR - Failed to download https://objectstorage.ap-hyderabad-1.oraclecloud.com/n/axml4embcq8v/b/bastimusic-oracle-ramireddy-2/o/albums/29_A1_Express.jpg: Status 404
2025-12-07 11:01:35,526 - ERROR - Failed to download https://objectstorage.ap-hyderabad-1.oraclecloud.com/n/axml4embcq8v/b/bastimusic-oracle-ramireddy-2/o/albums/30_ABCD.jpg: Status 404
2025-12-07 11:01:35,793 - ERROR - Failed to download https://objectstorage.ap-hyderabad-1.oraclecloud.com/n/axml4embcq8v/b/bastimusic-oracle-ramireddy-2/o/albums/31_ARM_2024__Telugu.jpg: Status 404
2025-12-07 11:01:36,112 - ERROR - Failed to download https://objectstorage.ap-hyderabad-1.oraclecloud.com/n/axml4embcq8v/b/bastimusic-oracle-ramireddy-2/o/albums/32_Aa_Ammayi_Gurinchi_Meeku_Cheppali.jpeg: Status 404
2025-12-07 11:01:36,315 - ERROR - Failed to download https://objectstorage.ap-hyderabad-1.oraclecloud.com/n/axml4embcq8v/b/bastimusic-oracle-ramireddy-2/o/albums/33_Aa_Intlo.jpg: Status 404
2025-12-07 11:01:36,629 - ERROR - Failed to download https://objectstorage.ap-hyderabad-1.oraclecloud.com/n/axml4embcq8v/b/bastimusic-oracle-ramireddy-2/o/albums/34_Aa_Naluguru.jpeg: Status 404
2025-12-07 11:01:36,867 - ERROR - Failed to download https://objectstorage.ap-hyderabad-1.oraclecloud.com/n/axml4embcq8v/b/bastimusic-oracle-ramireddy-2/o/albums/35_Aa_Okkadu.jpg: Status 404
2025-12-07 11:01:37,171 - ERROR - Failed to download https://objectstorage.ap-hyderabad-1.oraclecloud.com/n/axml4embcq8v/b/bastimusic-oracle-ramireddy-2/o/albums/36_Aa_Okkati_Adakku.jpg: Status 404
2025-12-07 11:01:37,498 - ERROR - Failed to download https://objectstorage.ap-hyderabad-1.oraclecloud.com/n/axml4embcq8v/b/bastimusic-oracle-ramireddy-2/o/albums/39_Aadalla_Mazaaka.jpg: Status 404
2025-12-07 11:01:37,713 - ERROR - Failed to download https://objectstorage.ap-hyderabad-1.oraclecloud.com/n/axml4embcq8v/b/bastimusic-oracle-ramireddy-2/o/albums/41_Aadante_Adotypu.jpeg: Status 404
2025-12-07 11:01:37,939 - ERROR - Failed to download https://objectstorage.ap-hyderabad-1.oraclecloud.com/n/axml4embcq8v/b/bastimusic-oracle-ramireddy-2/o/albums/44_Aadavaallaku_Maatrame.jpg: Status 404
2025-12-07 11:01:38,149 - ERROR - Failed to download https://objectstorage.ap-hyderabad-1.oraclecloud.com/n/axml4embcq8v/b/bastimusic-oracle-ramireddy-2/o/albums/45_Aadavallu_Meeku_Johaarlu.jpeg: Status 404
2025-12-07 11:01:38,387 - ERROR - Failed to download https://objectstorage.ap-hyderabad-1.oraclecloud.com/n/axml4embcq8v/b/bastimusic-oracle-ramireddy-2/o/albums/46_Aadavari_Matalaku_Ardhale_Verule.jpeg: Status 404
2025-12-07 11:01:38,617 - ERROR - Failed to download https://objectstorage.ap-hyderabad-1.oraclecloud.com/n/axml4embcq8v/b/bastimusic-oracle-ramireddy-2/o/albums/48_Aadhi_Lakshmi.jpeg: Status 404
2025-12-07 11:01:38,834 - ERROR - Failed to download https://objectstorage.ap-hyderabad-1.oraclecloud.com/n/axml4embcq8v/b/bastimusic-oracle-ramireddy-2/o/albums/49_Aadi.jpg: Status 404
2025-12-07 11:01:39,063 - ERROR - Failed to download https://objectstorage.ap-hyderabad-1.oraclecloud.com/n/axml4embcq8v/b/bastimusic-oracle-ramireddy-2/o/albums/50_Aadikeshava.jpg: Status 404
2025-12-07 11:01:39,265 - ERROR - Failed to download https://objectstorage.ap-hyderabad-1.oraclecloud.com/n/axml4embcq8v/b/bastimusic-oracle-ramireddy-2/o/albums/51_Aadivishnu.jpeg: Status 404
2025-12-07 11:01:39,491 - ERROR - Failed to download https://objectstorage.ap-hyderabad-1.oraclecloud.com/n/axml4embcq8v/b/bastimusic-oracle-ramireddy-2/o/albums/52_Aadu_Magaadra_Bujji.jpg: Status 404
2025-12-07 11:01:39,723 - ERROR - Failed to download https://objectstorage.ap-hyderabad-1.oraclecloud.com/n/axml4embcq8v/b/bastimusic-oracle-ramireddy-2/o/albums/53_Aagadu_Mp3_Songs.jpg: Status 404
2025-12-07 11:01:39,923 - ERROR - Failed to download https://objectstorage.ap-hyderabad-1.oraclecloud.com/n/axml4embcq8v/b/bastimusic-oracle-ramireddy-2/o/albums/54_Aagraham.jpg: Status 404
2025-12-07 11:01:40,144 - ERROR - Failed to download https://objectstorage.ap-hyderabad-1.oraclecloud.com/n/axml4embcq8v/b/bastimusic-oracle-ramireddy-2/o/albums/55_Aaha.jpg: Status 404
2025-12-07 11:01:40,373 - ERROR - Failed to download https://objectstorage.ap-hyderabad-1.oraclecloud.com/n/axml4embcq8v/b/bastimusic-oracle-ramireddy-2/o/albums/56_Aaha_Entha_Andam.jpg: Status 404
2025-12-07 11:01:40,618 - ERROR - Failed to download https://objectstorage.ap-hyderabad-1.oraclecloud.com/n/axml4embcq8v/b/bastimusic-oracle-ramireddy-2/o/albums/57_Aaha_Kalyanam.jpg: Status 404
2025-12-07 11:01:40,821 - ERROR - Failed to download https://objectstorage.ap-hyderabad-1.oraclecloud.com/n/axml4embcq8v/b/bastimusic-oracle-ramireddy-2/o/albums/59_Aahwanam.jpg: Status 404
2025-12-07 11:01:41,271 - INFO - Uploading albums/60_Aakaasam_Nee_Haddhu_Ra_Songs.jpg to bastimusic-oracle-ramireddy-2...
2025-12-07 11:01:41,475 - INFO - Database connection closed
2025-12-07 11:01:42,392 - INFO - Updated album 60
2025-12-07 11:01:44,556 - INFO - Uploading albums/64_Aakasa_Veedhullo.jpg to bastimusic-oracle-ramireddy-2...
2025-12-07 11:01:45,567 - INFO - Updated album 64
2025-12-07 11:01:46,540 - INFO - Uploading albums/65_Aakasamantha.jpg to bastimusic-oracle-ramireddy-2...
2025-12-07 11:01:47,328 - INFO - Updated album 65
2025-12-07 11:01:47,851 - INFO - Uploading albums/66_Aakasame_Haddu.jpg to bastimusic-oracle-ramireddy-2...
2025-12-07 11:01:48,677 - INFO - Updated album 66
2025-12-07 11:01:49,009 - INFO - Uploading albums/67_Aakashavaani.jpg to bastimusic-oracle-ramireddy-2...
2025-12-07 11:01:49,950 - INFO - Updated album 67
2025-12-07 11:01:50,287 - INFO - Uploading albums/68_Aakatayi.jpg to bastimusic-oracle-ramireddy-2...
2025-12-07 11:01:51,097 - INFO - Updated album 68
2025-12-07 11:01:52,108 - INFO - Uploading albums/71_Aalasyam_Amrutham.jpg to bastimusic-oracle-ramireddy-2...
2025-12-07 11:01:52,919 - INFO - Updated album 71
2025-12-07 11:01:53,268 - INFO - Uploading albums/73_Aalu_Magalu.jpg to bastimusic-oracle-ramireddy-2...
2025-12-07 11:01:54,102 - INFO - Updated album 73
2025-12-07 11:01:55,108 - INFO - Uploading albums/74_Aame.jpg to bastimusic-oracle-ramireddy-2...
2025-12-07 11:01:55,935 - INFO - Updated album 74
2025-12-07 11:01:56,912 - INFO - Uploading albums/75_Aame_Athadaithe.jpg to bastimusic-oracle-ramireddy-2...
2025-12-07 11:01:57,817 - INFO - Updated album 75
2025-12-07 11:01:58,381 - INFO - Uploading albums/77_Aame_Kapuram.jpg to bastimusic-oracle-ramireddy-2...
2025-12-07 11:01:59,200 - INFO - Updated album 77
2025-12-07 11:02:00,139 - INFO - Uploading albums/79_Aanandha_Thaandavam.jpg to bastimusic-oracle-ramireddy-2...
2025-12-07 11:02:00,956 - INFO - Updated album 79
2025-12-07 11:02:01,917 - INFO - Uploading albums/82_Aaradugula_Bellet.jpg to bastimusic-oracle-ramireddy-2...
2025-12-07 11:02:03,227 - INFO - Updated album 82
2025-12-07 11:02:04,220 - INFO - Uploading albums/84_Aaro_Pranam.jpg to bastimusic-oracle-ramireddy-2...
2025-12-07 11:02:05,098 - INFO - Updated album 84
2025-12-07 11:02:05,421 - INFO - Uploading albums/86_Aaru.jpg to bastimusic-oracle-ramireddy-2...
2025-12-07 11:02:06,312 - INFO - Updated album 86
2025-12-07 11:02:06,668 - INFO - Uploading albums/90_Aata.jpg to bastimusic-oracle-ramireddy-2...
2025-12-07 11:02:07,485 - INFO - Updated album 90
2025-12-07 11:02:07,795 - INFO - Uploading albums/91_Aata_Arambam.jpg to bastimusic-oracle-ramireddy-2...
2025-12-07 11:02:08,601 - INFO - Updated album 91
2025-12-07 11:02:08,935 - INFO - Uploading albums/93_Aataadista.jpg to bastimusic-oracle-ramireddy-2...
2025-12-07 11:02:09,709 - INFO - Updated album 93
2025-12-07 11:02:10,763 - INFO - Uploading albums/94_Aatadukundham_Raa.jpg to bastimusic-oracle-ramireddy-2...
2025-12-07 11:02:11,633 - INFO - Updated album 94
2025-12-07 11:02:12,608 - INFO - Uploading albums/96_Aatagallu.jpg to bastimusic-oracle-ramireddy-2...
2025-12-07 11:02:14,064 - INFO - Updated album 96
2025-12-07 11:02:14,975 - INFO - Uploading albums/101_Aatma_Bandham.jpg to bastimusic-oracle-ramireddy-2...
2025-12-07 11:02:16,184 - INFO - Updated album 101
2025-12-07 11:02:16,976 - INFO - Uploading albums/103_Aavesam.jpg to bastimusic-oracle-ramireddy-2...
2025-12-07 11:02:17,933 - INFO - Updated album 103
2025-12-07 11:02:18,601 - INFO - Uploading albums/104_Aavida_Maa_Aavide.jpeg to bastimusic-oracle-ramireddy-2...
2025-12-07 11:02:20,070 - INFO - Updated album 104
2025-12-07 11:02:21,121 - INFO - Uploading albums/105_Aavu_Puli_Madhyalo_Prabahas_Pelli.jpg to bastimusic-oracle-ramireddy-2...
2025-12-07 11:02:21,980 - INFO - Updated album 105
2025-12-07 11:02:22,294 - INFO - Uploading albums/106_Aay.jpg to bastimusic-oracle-ramireddy-2...
2025-12-07 11:02:23,349 - INFO - Updated album 106
2025-12-07 11:02:23,684 - INFO - Uploading albums/107_Aayanaki_Iddaru.jpg to bastimusic-oracle-ramireddy-2...
2025-12-07 11:02:24,479 - INFO - Updated album 107
2025-12-07 11:02:25,447 - INFO - Uploading albums/108_Aayane_Maa_Aayana.jpg to bastimusic-oracle-ramireddy-2...
2025-12-07 11:02:26,256 - INFO - Updated album 108
2025-12-07 11:02:26,596 - INFO - Uploading albums/109_Aayudham.jpg to bastimusic-oracle-ramireddy-2...
2025-12-07 11:02:27,427 - INFO - Updated album 109
2025-12-07 11:02:28,359 - INFO - Uploading albums/110_Abbai_Gari_Pelli.jpg to bastimusic-oracle-ramireddy-2...
2025-12-07 11:02:29,166 - INFO - Updated album 110
2025-12-07 11:02:30,284 - INFO - Database connection closed
2025-12-07 11:02:45,039 - INFO - Calculating size for bucket: bastimusic-oracle-ramireddy-1...
2025-12-07 11:02:45,445 - INFO - Bucket bastimusic-oracle-ramireddy-1 size: 15.92 MB
2025-12-07 11:02:45,445 - INFO - Calculating size for bucket: bastimusic-oracle-ramireddy-2...
2025-12-07 11:02:45,592 - INFO - Bucket bastimusic-oracle-ramireddy-2 size: 4.34 MB
2025-12-07 11:02:47,558 - INFO - Database connection established
2025-12-07 11:02:48,296 - INFO - Found 286 songs to migrate.
2025-12-07 11:02:48,297 - INFO - Processing: They Call Him King Theme  Song  - Anirudh Ravichander
2025-12-07 11:02:48,297 - INFO - Already on Oracle: They Call Him King Theme  Song  - Anirudh Ravichander. Updating new columns only.
2025-12-07 11:02:48,488 - INFO - Database connection closed
2025-12-07 11:03:06,078 - INFO - Calculating size for bucket: bastimusic-oracle-ramireddy-1...
2025-12-07 11:03:06,336 - INFO - Bucket bastimusic-oracle-ramireddy-1 size: 15.92 MB
2025-12-07 11:03:06,337 - INFO - Calculating size for bucket: bastimusic-oracle-ramireddy-2...
2025-12-07 11:03:06,390 - INFO - Bucket bastimusic-oracle-ramireddy-2 size: 4.34 MB
2025-12-07 11:03:08,288 - INFO - Database connection established
2025-12-07 11:03:09,063 - INFO - Found 286 songs to migrate.
2025-12-07 11:03:09,063 - INFO - Processing: They Call Him King Theme  Song  - Anirudh Ravichander
2025-12-07 11:03:09,063 - INFO - Already on Oracle: They Call Him King Theme  Song  - Anirudh Ravichander. Updating new columns only.
2025-12-07 11:03:09,063 - INFO - Uploaded to N/A! Updating DB...
2025-12-07 11:03:09,603 - INFO - Updated song 84023
2025-12-07 11:03:10,105 - INFO - Processing: Title Track  Song  - Dhurandhar
2025-12-07 11:03:10,105 - INFO - Already on Oracle: Title Track  Song  - Dhurandhar. Updating new columns only.
2025-12-07 11:03:10,105 - INFO - Uploaded to N/A! Updating DB...
2025-12-07 11:03:10,674 - INFO - Updated song 84024
2025-12-07 11:03:11,179 - INFO - Processing: Ez Ez  Song  - Dhurandhar
2025-12-07 11:03:11,180 - INFO - Already on Oracle: Ez Ez  Song  - Dhurandhar. Updating new columns only.
2025-12-07 11:03:11,180 - INFO - Uploaded to N/A! Updating DB...
2025-12-07 11:03:11,825 - INFO - Updated song 84025
2025-12-07 11:03:12,330 - INFO - Processing: Run Down The City Monica  Song  - Dhurandhar
2025-12-07 11:03:13,497 - INFO - Uploading songs/84026_Run_Down_The_City_Monica__Song__-_Dhurandhar.mp3 to bastimusic-oracle-ramireddy-1...
2025-12-07 11:03:22,737 - INFO - Uploaded to bastimusic-oracle-ramireddy-1! Updating DB...
2025-12-07 11:03:23,518 - INFO - Updated song 84026
2025-12-07 11:03:23,518 - INFO - Database connection established
2025-12-07 11:03:24,021 - INFO - Processing: Ishq Jalakar  Song  - Dhurandhar
2025-12-07 11:03:25,287 - INFO - Uploading songs/84027_Ishq_Jalakar__Song__-_Dhurandhar.mp3 to bastimusic-oracle-ramireddy-1...
2025-12-07 11:03:29,634 - INFO - Database connection closed
2025-12-07 11:03:32,514 - INFO - Found 8343 album thumbnails to migrate.
2025-12-07 11:03:33,158 - INFO - Updated album 1
2025-12-07 11:03:33,864 - INFO - Updated album 2
2025-12-07 11:03:34,480 - INFO - Updated album 3
2025-12-07 11:03:35,104 - INFO - Updated album 4
2025-12-07 11:03:35,699 - INFO - Updated album 5
2025-12-07 11:03:36,358 - INFO - Updated album 6
2025-12-07 11:03:36,953 - INFO - Updated album 7
2025-12-07 11:03:37,545 - INFO - Updated album 8
2025-12-07 11:03:38,152 - INFO - Updated album 9
2025-12-07 11:03:38,753 - INFO - Updated album 10
2025-12-07 11:03:39,443 - INFO - Updated album 11
2025-12-07 11:03:40,071 - INFO - Updated album 12
2025-12-07 11:03:40,688 - INFO - Updated album 13
2025-12-07 11:03:41,323 - INFO - Updated album 14
2025-12-07 11:03:41,922 - INFO - Updated album 15
2025-12-07 11:03:42,533 - INFO - Updated album 16
2025-12-07 11:03:43,241 - INFO - Updated album 17
2025-12-07 11:03:43,837 - INFO - Updated album 18
2025-12-07 11:03:44,447 - INFO - Updated album 19
2025-12-07 11:03:45,183 - INFO - Updated album 20
2025-12-07 11:03:45,819 - INFO - Updated album 21
2025-12-07 11:03:46,418 - INFO - Updated album 22
2025-12-07 11:03:47,026 - INFO - Updated album 23
2025-12-07 11:03:47,743 - INFO - Updated album 24
2025-12-07 11:03:48,336 - INFO - Updated album 25
2025-12-07 11:03:49,176 - INFO - Updated album 26
2025-12-07 11:03:49,905 - INFO - Updated album 27
2025-12-07 11:03:50,505 - INFO - Updated album 28
2025-12-07 11:03:51,160 - INFO - Updated album 29
2025-12-07 11:03:51,911 - INFO - Updated album 30
2025-12-07 11:03:52,626 - INFO - Updated album 31
2025-12-07 11:03:53,265 - INFO - Updated album 32
2025-12-07 11:03:54,008 - INFO - Updated album 33
2025-12-07 11:03:54,723 - INFO - Updated album 34
2025-12-07 11:03:55,342 - INFO - Updated album 35
2025-12-07 11:03:56,100 - INFO - Updated album 36
2025-12-07 11:03:56,838 - INFO - Updated album 39
2025-12-07 11:03:57,463 - INFO - Updated album 41
2025-12-07 11:03:58,209 - INFO - Updated album 44
2025-12-07 11:03:58,938 - INFO - Updated album 45
2025-12-07 11:03:59,561 - INFO - Updated album 46
2025-12-07 11:04:00,684 - INFO - Updated album 48
2025-12-07 11:04:01,377 - INFO - Updated album 49
2025-12-07 11:04:01,968 - INFO - Updated album 50
2025-12-07 11:04:02,626 - INFO - Updated album 51
2025-12-07 11:04:03,343 - INFO - Updated album 52
2025-12-07 11:04:04,060 - INFO - Updated album 53
2025-12-07 11:04:04,707 - INFO - Updated album 54
2025-12-07 11:04:05,342 - INFO - Updated album 55
2025-12-07 11:04:06,066 - INFO - Updated album 56
2025-12-07 11:04:06,800 - INFO - Updated album 57
2025-12-07 11:04:07,415 - INFO - Updated album 59
2025-12-07 11:04:07,822 - INFO - Uploading albums/111_Abbaigaru.jpg to bastimusic-oracle-ramireddy-2...
2025-12-07 11:04:09,481 - INFO - Updated album 111
2025-12-07 11:04:10,523 - INFO - Uploading albums/112_Abbayi_Class_Ammayi_Mass.jpg to bastimusic-oracle-ramireddy-2...
2025-12-07 11:04:11,474 - INFO - Updated album 112
2025-12-07 11:04:11,795 - INFO - Uploading albums/114_Abbayitho_Ammayi.jpg to bastimusic-oracle-ramireddy-2...
2025-12-07 11:04:13,287 - INFO - Database connection closed
2025-12-07 11:13:18,348 - INFO - Calculating size for bucket: bastimusic-oracle-ramireddy-1...
2025-12-07 11:13:18,731 - INFO - Bucket bastimusic-oracle-ramireddy-1 size: 21.35 MB
2025-12-07 11:13:18,731 - INFO - Calculating size for bucket: bastimusic-oracle-ramireddy-2...
2025-12-07 11:13:18,800 - INFO - Bucket bastimusic-oracle-ramireddy-2 size: 4.55 MB
2025-12-07 11:13:20,871 - INFO - Database connection established
2025-12-07 11:13:21,514 - INFO - Found 282 songs to migrate.
2025-12-07 11:13:21,514 - INFO - Processing: Ishq Jalakar  Song  - Dhurandhar
2025-12-07 11:13:23,430 - INFO - Uploading songs/84027_Ishq_Jalakar__Song__-_Dhurandhar.mp3 to bastimusic-oracle-ramireddy-1...
2025-12-07 11:13:38,539 - INFO - Uploaded to bastimusic-oracle-ramireddy-1! Updating DB...
2025-12-07 11:13:39,223 - INFO - Updated song 84027
2025-12-07 11:13:39,729 - INFO - Processing: Shararat  Song  - Dhurandhar
2025-12-07 11:13:41,568 - INFO - Uploading songs/84028_Shararat__Song__-_Dhurandhar.mp3 to bastimusic-oracle-ramireddy-1...
2025-12-07 11:13:51,417 - INFO - Uploaded to bastimusic-oracle-ramireddy-1! Updating DB...
2025-12-07 11:13:52,057 - INFO - Updated song 84028
2025-12-07 11:13:52,563 - INFO - Processing: Gehra Hua  Song  - Dhurandhar
2025-12-07 11:13:54,184 - INFO - Uploading songs/84029_Gehra_Hua__Song__-_Dhurandhar.mp3 to bastimusic-oracle-ramireddy-1...
2025-12-07 11:13:56,354 - INFO - Database connection closed
